../Drivers/CMSIS/Include/core_cm4.h:1684:22:__NVIC_EnableIRQ	16	static,ignoring_inline_asm
../Drivers/CMSIS/Include/core_cm4.h:1722:22:__NVIC_DisableIRQ	16	static,ignoring_inline_asm
../Core/Src/Bsp.c:63:6:Bsp_Init	8	static
../Core/Src/Bsp.c:88:6:Bsp_SetLedPwm	16	static
../Core/Src/Bsp.c:119:5:Bsp_AdcRead	16	static
../Core/Src/Bsp.c:137:6:Bsp_GetSampleFlag	4	static
../Core/Src/Bsp.c:145:6:Bsp_ClearSampleFlag	4	static
../Core/Src/Bsp.c:154:6:Bsp_GetButtonFlag	4	static
../Core/Src/Bsp.c:162:6:Bsp_ClearButtonFlag	4	static
../Core/Src/Bsp.c:171:6:Bsp_UartSendString	16	static
../Core/Src/Bsp.c:185:13:Bsp_IsValidLedId	16	static
../Core/Src/Bsp.c:193:6:HAL_TIM_PeriodElapsedCallback	16	static
../Core/Src/Bsp.c:224:6:HAL_GPIO_EXTI_Callback	16	static
